[templates.seekviral.com/yoso/pages/landing1/index.html]
[backblue.gif]
[fade.gif]
[index.html]
[cdnjs.cloudflare.com/ajax/libs/font-awesome/6.7.1/css/all.min.css]
[templates.seekviral.com/yoso/pages/landing1/assets/dist/css/colors.css]
[templates.seekviral.com/yoso/pages/landing1/assets/dist/framework/bootstrap/css/bootstrap.min.css]
[templates.seekviral.com/yoso/pages/landing1/assets/dist/css/theme.css]
[templates.seekviral.com/yoso/pages/landing1/assets/dist/css/responsive.css]
[cdn.jsdelivr.net/npm/swiper@11/swiper-bundle.min.css]
[templates.seekviral.com/yoso/pages/landing1/assets/dist/css/animation.css]
[templates.seekviral.com/yoso/pages/landing1/assets/images/header/icon.png]
[templates.seekviral.com/yoso/pages/landing1/assets/images/header/ABS3.png]
[templates.seekviral.com/yoso/pages/landing1/assets/images/header/ABS1.png]
[templates.seekviral.com/yoso/pages/landing1/assets/images/header/ABS2.png]
[templates.seekviral.com/yoso/pages/landing1/assets/images/marquee/py.png]
[templates.seekviral.com/yoso/pages/landing1/assets/images/marquee/csharp.png]
[templates.seekviral.com/yoso/pages/landing1/assets/images/marquee/js.png]
[templates.seekviral.com/yoso/pages/landing1/assets/images/marquee/css.png]
[templates.seekviral.com/yoso/pages/landing1/assets/images/marquee/perl.png]
[templates.seekviral.com/yoso/pages/landing1/assets/images/marquee/ruby.png]
[templates.seekviral.com/yoso/pages/landing1/assets/images/marquee/sql.png]
[templates.seekviral.com/yoso/pages/landing1/assets/images/star.png]
[templates.seekviral.com/yoso/pages/landing1/assets/images/announcement.png]
[templates.seekviral.com/yoso/pages/landing1/assets/images/quote.png]
[templates.seekviral.com/yoso/pages/landing1/assets/images/agency2.png]
[templates.seekviral.com/yoso/pages/landing1/assets/images/avatar.png]
[templates.seekviral.com/yoso/pages/landing1/assets/images/agency1.png]
[templates.seekviral.com/yoso/pages/landing1/assets/images/Gallery/slide1.jpg]
[templates.seekviral.com/yoso/pages/landing1/assets/images/Gallery/slide3.jpg]
[templates.seekviral.com/yoso/pages/landing1/assets/images/Gallery/slide2.jpg]
[templates.seekviral.com/yoso/pages/landing1/assets/images/Gallery/slide4.jpg]
[templates.seekviral.com/yoso/pages/landing1/assets/images/starLight.png]
[templates.seekviral.com/yoso/pages/landing1/assets/images/awardIcon/seo.png]
[templates.seekviral.com/yoso/pages/landing1/assets/images/awardIcon/data-analysis.png]
[templates.seekviral.com/yoso/pages/landing1/assets/images/awardIcon/audit.png]
[templates.seekviral.com/yoso/pages/landing1/assets/images/awardIcon/statement.png]
[templates.seekviral.com/yoso/pages/landing1/assets/images/awardIcon/announcement.png]
[templates.seekviral.com/yoso/pages/landing1/assets/images/awardIcon/light-bulb.png]
[templates.seekviral.com/yoso/pages/landing1/assets/images/pricing/price1.png]
[templates.seekviral.com/yoso/pages/landing1/assets/images/pricing/price2.png]
[templates.seekviral.com/yoso/pages/landing1/assets/images/pricing/price3.png]
[templates.seekviral.com/yoso/pages/landing1/assets/images/testimonials/qouteSign.png]
[templates.seekviral.com/yoso/pages/landing1/assets/images/testimonials/t1.jpg]
[templates.seekviral.com/yoso/pages/landing1/assets/images/testimonials/t2.jpg]
[templates.seekviral.com/yoso/pages/landing1/assets/images/testimonials/t3.jpg]
[templates.seekviral.com/yoso/pages/landing1/assets/images/tabs/chart.jpg]
[templates.seekviral.com/yoso/pages/landing1/assets/images/client.png]
[templates.seekviral.com/yoso/pages/landing1/assets/images/posts/p1.jpg]
[templates.seekviral.com/yoso/pages/landing1/assets/images/posts/p2.jpg]
[templates.seekviral.com/yoso/pages/landing1/assets/images/posts/p3.jpg]
[templates.seekviral.com/yoso/pages/landing1/assets/images/skills/stack.png]
[templates.seekviral.com/yoso/pages/landing1/assets/images/skills/py.png]
[templates.seekviral.com/yoso/pages/landing1/assets/images/skills/discord.png]
[templates.seekviral.com/yoso/pages/landing1/assets/images/skills/gcloud.png]
[templates.seekviral.com/yoso/pages/landing1/assets/images/skills/x.png]
[templates.seekviral.com/yoso/pages/landing1/assets/images/skills/insta.png]
[templates.seekviral.com/yoso/pages/landing1/assets/images/review.png]
[templates.seekviral.com/yoso/pages/landing1/assets/images/arrow.png]
[templates.seekviral.com/yoso/pages/landing1/assets/dist/libraries/jquery-3.7.1.min.js]
[cdn.jsdelivr.net/npm/@popperjs/core@2.11.6/dist/umd/popper.min.js]
[cdn.jsdelivr.net/npm/jquery.marquee@1.6.0/jquery.marquee.min.js]
[templates.seekviral.com/yoso/pages/landing1/assets/dist/framework/bootstrap/js/bootstrap.min.js]
[cdn.jsdelivr.net/npm/swiper@11/swiper-bundle.min.js]
[templates.seekviral.com/yoso/pages/landing1/assets/dist/libraries/swiperSlider/effects/spring-slider.js]
[cdnjs.cloudflare.com/ajax/libs/smooth-scrollbar/8.8.4/smooth-scrollbar.min.js]
[templates.seekviral.com/yoso/pages/landing1/index.html]
[cdnjs.cloudflare.com/ajax/libs/font-awesome/6.7.1/css/all.min.css]
[templates.seekviral.com/yoso/pages/landing1/assets/dist/js/custom.js]
[templates.seekviral.com/yoso/pages/landing1/assets/dist/framework/bootstrap/css/bootstrap.min.css]
[templates.seekviral.com/yoso/pages/landing1/assets/dist/css/colors.css]
[templates.seekviral.com/yoso/pages/landing1/assets/images/header/headerBg.png]
[templates.seekviral.com/yoso/pages/landing1/assets/images/bg.jpg]
[templates.seekviral.com/yoso/pages/landing1/assets/images/bgDark.jpg]
[templates.seekviral.com/yoso/pages/landing1/assets/dist/css/theme.css]
[templates.seekviral.com/yoso/pages/landing1/assets/dist/css/responsive.css]
[cdn.jsdelivr.net/npm/swiper@11/swiper-bundle.min.css]
[templates.seekviral.com/yoso/pages/landing1/assets/dist/css/animation.css]
